`




<h4>Vulnerability summary for "label of image"</h4>
<p class="h6 regular italic">test-repo@digest-value</p>


<dl class="flex flex-wrap mxn1">




<div class="m1 p1 mr3">
<dt>Critical</dt>
<dd><h1 class="m0 red">1</h1>

</dd>
</div>



<div class="m1 p1 mr3">
<dt>High</dt>
<dd><h1 class="m0 red">1</h1>

</dd>
</div>



<div class="m1 p1 mr3">
<dt>Aa-Bogus-Severity</dt>
<dd><h1 class="m0">1</h1>

</dd>
</div>

</dl>












<details class="mb3">
<summary>Vulnerability details</summary>
<div>
<p>All listed scores are CVSS3 unless otherwise noted.</p>

<table>
<tr>
<th>CVE</th>
<th>Severity</th>
<th>Affects</th>
<th>CVSS score</th>
<th>CVSS vector</th>

</tr>

<tr>
<td><details><summary><a href="http://people.ubuntu.com/~ubuntu-security/cve/CVE-2019-5300">CVE-2019-5300</a></summary><div>Another vulnerability.</div></details></td>
<td>Aa-Bogus-Severity</td>
<td>5300-package 5300-version</td>

<td>10.0 <em>(*CVSS2)</em></td><td><a href="https://nvd.nist.gov/vuln-metrics/cvss/v2-calculator?vector=%28AV%3AL%2FAC%3AL%2FAu%3AN%2FC%3AP%2FI%3AP%2FA%3AP%29">AV:L/AC:L/Au:N/C:P/I:P/A:P</a></td>


</tr>

</table>


</div>
</details>

<p>
<i>scan completed: <span title="&lt;nil&gt;"></span></i> |
<i>source updated: <span title="&lt;nil&gt;"></span></i>
</p>

<p class="p1">
    go here to see how to triage these
</p>

`
